{"sessionId":"915ab0","hypothesisId":"D","location":"GameRoot.cs:BuildLoadingScreen","message":"loading layer created","data":{"layer":{"IsEmpty":false},"visible":false,"layerValue":1},"timestamp":1775644190717}
{"sessionId":"915ab0","hypothesisId":"D","location":"GameRoot.cs:SetLoadingScreenVisible","message":"visibility change","data":{"visible":true,"layerWasVisible":false},"timestamp":1775644190778}
{"sessionId":"915ab0","hypothesisId":"B","location":"GameRoot.cs:InitializeSession","message":"after SetLoadingScreenVisible(true), scheduling Finish","data":{"loadingLayerVisible":true,"loadingScreenVisible":true},"timestamp":1775644190784}
{"sessionId":"915ab0","hypothesisId":"B","location":"GameRoot.cs:FinishInitializeSession","message":"enter","data":{"beforeLoad":true,"isInitialChunkLoadInProgress":false,"initialTotal":0,"loadingLayerVisible":true},"timestamp":1775644190788}
{"sessionId":"915ab0","hypothesisId":"C","location":"PlanetVoxelWorld.Streaming:BeginInitialChunkLoad","message":"enter","data":{"isInitialChunkLoadActive":true,"chunkKeyCount":255},"timestamp":1775644190933}
{"sessionId":"915ab0","hypothesisId":"C","location":"PlanetVoxelWorld.Streaming:BeginInitialChunkLoad","message":"exit","data":{"initialLoadTargetChunkCount":255,"pendingCount":255,"isInitialChunkLoadActive":true},"timestamp":1775644190936}
{"sessionId":"915ab0","hypothesisId":"A","location":"GameRoot.cs:FinishInitializeSession","message":"before UpdateLoadingScreen after load","data":{"isInitialChunkLoadInProgress":false,"initialTotal":255,"loadingLayerVisible":true},"timestamp":1775644196322}
{"sessionId":"915ab0","hypothesisId":"A","location":"GameRoot.cs:UpdateLoadingScreen","message":"tick","data":{"tick":1,"isLoading":false,"initialTotal":255,"layerVisibleBefore":true,"loadingScreenVisible":true},"timestamp":1775644196328}
{"sessionId":"915ab0","hypothesisId":"D","location":"GameRoot.cs:SetLoadingScreenVisible","message":"visibility change","data":{"visible":false,"layerWasVisible":true},"timestamp":1775644196332}
{"sessionId":"915ab0","hypothesisId":"A","location":"GameRoot.cs:FinishInitializeSession","message":"after UpdateLoadingScreen","data":{"isInitialChunkLoadInProgress":false,"loadingLayerVisible":false,"loadingScreenVisible":false},"timestamp":1775644196334}
{"sessionId":"915ab0","hypothesisId":"A","location":"GameRoot.cs:UpdateLoadingScreen","message":"tick","data":{"tick":2,"isLoading":false,"initialTotal":255,"layerVisibleBefore":false,"loadingScreenVisible":false},"timestamp":1775644196426}
{"sessionId":"915ab0","hypothesisId":"A","location":"GameRoot.cs:UpdateLoadingScreen","message":"tick","data":{"tick":3,"isLoading":false,"initialTotal":255,"layerVisibleBefore":false,"loadingScreenVisible":false},"timestamp":1775644196538}
{"sessionId":"915ab0","hypothesisId":"A","location":"GameRoot.cs:UpdateLoadingScreen","message":"tick","data":{"tick":4,"isLoading":false,"initialTotal":255,"layerVisibleBefore":false,"loadingScreenVisible":false},"timestamp":1775644196588}
{"sessionId":"915ab0","hypothesisId":"A","location":"GameRoot.cs:UpdateLoadingScreen","message":"tick","data":{"tick":5,"isLoading":false,"initialTotal":255,"layerVisibleBefore":false,"loadingScreenVisible":false},"timestamp":1775644196635}
{"sessionId":"915ab0","hypothesisId":"A","location":"GameRoot.cs:UpdateLoadingScreen","message":"tick","data":{"tick":6,"isLoading":false,"initialTotal":255,"layerVisibleBefore":false,"loadingScreenVisible":false},"timestamp":1775644196688}
{"sessionId":"915ab0","hypothesisId":"A","location":"GameRoot.cs:UpdateLoadingScreen","message":"tick","data":{"tick":7,"isLoading":false,"initialTotal":255,"layerVisibleBefore":false,"loadingScreenVisible":false},"timestamp":1775644196693}
{"sessionId":"915ab0","hypothesisId":"A","location":"GameRoot.cs:UpdateLoadingScreen","message":"tick","data":{"tick":8,"isLoading":false,"initialTotal":255,"layerVisibleBefore":false,"loadingScreenVisible":false},"timestamp":1775644196699}
{"sessionId":"915ab0","hypothesisId":"A","location":"GameRoot.cs:UpdateLoadingScreen","message":"tick","data":{"tick":9,"isLoading":false,"initialTotal":255,"layerVisibleBefore":false,"loadingScreenVisible":false},"timestamp":1775644196704}
{"sessionId":"915ab0","hypothesisId":"A","location":"GameRoot.cs:UpdateLoadingScreen","message":"tick","data":{"tick":10,"isLoading":false,"initialTotal":255,"layerVisibleBefore":false,"loadingScreenVisible":false},"timestamp":1775644196711}
{"sessionId":"915ab0","hypothesisId":"A","location":"GameRoot.cs:UpdateLoadingScreen","message":"tick","data":{"tick":11,"isLoading":false,"initialTotal":255,"layerVisibleBefore":false,"loadingScreenVisible":false},"timestamp":1775644196715}
{"sessionId":"915ab0","hypothesisId":"A","location":"GameRoot.cs:UpdateLoadingScreen","message":"tick","data":{"tick":12,"isLoading":false,"initialTotal":255,"layerVisibleBefore":false,"loadingScreenVisible":false},"timestamp":1775644196720}
{"sessionId":"915ab0","hypothesisId":"A","location":"GameRoot.cs:UpdateLoadingScreen","message":"tick","data":{"tick":13,"isLoading":false,"initialTotal":255,"layerVisibleBefore":false,"loadingScreenVisible":false},"timestamp":1775644196726}
{"sessionId":"915ab0","hypothesisId":"A","location":"GameRoot.cs:UpdateLoadingScreen","message":"tick","data":{"tick":14,"isLoading":false,"initialTotal":255,"layerVisibleBefore":false,"loadingScreenVisible":false},"timestamp":1775644196730}
{"sessionId":"915ab0","hypothesisId":"A","location":"GameRoot.cs:UpdateLoadingScreen","message":"tick","data":{"tick":15,"isLoading":false,"initialTotal":255,"layerVisibleBefore":false,"loadingScreenVisible":false},"timestamp":1775644196735}
{"sessionId":"915ab0","hypothesisId":"A","location":"GameRoot.cs:UpdateLoadingScreen","message":"tick","data":{"tick":16,"isLoading":false,"initialTotal":255,"layerVisibleBefore":false,"loadingScreenVisible":false},"timestamp":1775644196742}
{"sessionId":"915ab0","hypothesisId":"A","location":"GameRoot.cs:UpdateLoadingScreen","message":"tick","data":{"tick":17,"isLoading":false,"initialTotal":255,"layerVisibleBefore":false,"loadingScreenVisible":false},"timestamp":1775644196749}
{"sessionId":"915ab0","hypothesisId":"A","location":"GameRoot.cs:UpdateLoadingScreen","message":"tick","data":{"tick":18,"isLoading":false,"initialTotal":255,"layerVisibleBefore":false,"loadingScreenVisible":false},"timestamp":1775644196756}
{"sessionId":"915ab0","hypothesisId":"A","location":"GameRoot.cs:UpdateLoadingScreen","message":"tick","data":{"tick":19,"isLoading":false,"initialTotal":255,"layerVisibleBefore":false,"loadingScreenVisible":false},"timestamp":1775644196763}
{"sessionId":"915ab0","hypothesisId":"A","location":"GameRoot.cs:UpdateLoadingScreen","message":"tick","data":{"tick":20,"isLoading":false,"initialTotal":255,"layerVisibleBefore":false,"loadingScreenVisible":false},"timestamp":1775644196770}
{"sessionId":"915ab0","hypothesisId":"A","location":"GameRoot.cs:UpdateLoadingScreen","message":"tick","data":{"tick":21,"isLoading":false,"initialTotal":255,"layerVisibleBefore":false,"loadingScreenVisible":false},"timestamp":1775644196776}
{"sessionId":"915ab0","hypothesisId":"A","location":"GameRoot.cs:UpdateLoadingScreen","message":"tick","data":{"tick":22,"isLoading":false,"initialTotal":255,"layerVisibleBefore":false,"loadingScreenVisible":false},"timestamp":1775644196783}
{"sessionId":"915ab0","hypothesisId":"A","location":"GameRoot.cs:UpdateLoadingScreen","message":"tick","data":{"tick":23,"isLoading":false,"initialTotal":255,"layerVisibleBefore":false,"loadingScreenVisible":false},"timestamp":1775644196791}
{"sessionId":"915ab0","hypothesisId":"A","location":"GameRoot.cs:UpdateLoadingScreen","message":"tick","data":{"tick":24,"isLoading":false,"initialTotal":255,"layerVisibleBefore":false,"loadingScreenVisible":false},"timestamp":1775644196798}
{"sessionId":"915ab0","hypothesisId":"A","location":"GameRoot.cs:UpdateLoadingScreen","message":"tick","data":{"tick":25,"isLoading":false,"initialTotal":255,"layerVisibleBefore":false,"loadingScreenVisible":false},"timestamp":1775644196804}
{"sessionId":"915ab0","hypothesisId":"A","location":"GameRoot.cs:UpdateLoadingScreen","message":"tick","data":{"tick":26,"isLoading":false,"initialTotal":255,"layerVisibleBefore":false,"loadingScreenVisible":false},"timestamp":1775644196811}
{"sessionId":"915ab0","hypothesisId":"A","location":"GameRoot.cs:UpdateLoadingScreen","message":"tick","data":{"tick":27,"isLoading":false,"initialTotal":255,"layerVisibleBefore":false,"loadingScreenVisible":false},"timestamp":1775644196819}
{"sessionId":"915ab0","hypothesisId":"A","location":"GameRoot.cs:UpdateLoadingScreen","message":"tick","data":{"tick":28,"isLoading":false,"initialTotal":255,"layerVisibleBefore":false,"loadingScreenVisible":false},"timestamp":1775644196825}
{"sessionId":"915ab0","hypothesisId":"A","location":"GameRoot.cs:UpdateLoadingScreen","message":"tick","data":{"tick":29,"isLoading":false,"initialTotal":255,"layerVisibleBefore":false,"loadingScreenVisible":false},"timestamp":1775644196832}
{"sessionId":"915ab0","hypothesisId":"A","location":"GameRoot.cs:UpdateLoadingScreen","message":"tick","data":{"tick":30,"isLoading":false,"initialTotal":255,"layerVisibleBefore":false,"loadingScreenVisible":false},"timestamp":1775644196839}
{"sessionId":"915ab0","hypothesisId":"A","location":"GameRoot.cs:UpdateLoadingScreen","message":"tick","data":{"tick":31,"isLoading":false,"initialTotal":255,"layerVisibleBefore":false,"loadingScreenVisible":false},"timestamp":1775644196846}
{"sessionId":"915ab0","hypothesisId":"A","location":"GameRoot.cs:UpdateLoadingScreen","message":"tick","data":{"tick":32,"isLoading":false,"initialTotal":255,"layerVisibleBefore":false,"loadingScreenVisible":false},"timestamp":1775644196853}
{"sessionId":"915ab0","hypothesisId":"A","location":"GameRoot.cs:UpdateLoadingScreen","message":"tick","data":{"tick":33,"isLoading":false,"initialTotal":255,"layerVisibleBefore":false,"loadingScreenVisible":false},"timestamp":1775644196860}
{"sessionId":"915ab0","hypothesisId":"A","location":"GameRoot.cs:UpdateLoadingScreen","message":"tick","data":{"tick":34,"isLoading":false,"initialTotal":255,"layerVisibleBefore":false,"loadingScreenVisible":false},"timestamp":1775644196867}
{"sessionId":"915ab0","hypothesisId":"A","location":"GameRoot.cs:UpdateLoadingScreen","message":"tick","data":{"tick":35,"isLoading":false,"initialTotal":255,"layerVisibleBefore":false,"loadingScreenVisible":false},"timestamp":1775644196874}
{"sessionId":"915ab0","hypothesisId":"A","location":"GameRoot.cs:UpdateLoadingScreen","message":"tick","data":{"tick":36,"isLoading":false,"initialTotal":255,"layerVisibleBefore":false,"loadingScreenVisible":false},"timestamp":1775644196881}
{"sessionId":"915ab0","hypothesisId":"A","location":"GameRoot.cs:UpdateLoadingScreen","message":"tick","data":{"tick":37,"isLoading":false,"initialTotal":255,"layerVisibleBefore":false,"loadingScreenVisible":false},"timestamp":1775644196888}
{"sessionId":"915ab0","hypothesisId":"A","location":"GameRoot.cs:UpdateLoadingScreen","message":"tick","data":{"tick":38,"isLoading":false,"initialTotal":255,"layerVisibleBefore":false,"loadingScreenVisible":false},"timestamp":1775644196895}
{"sessionId":"915ab0","hypothesisId":"A","location":"GameRoot.cs:UpdateLoadingScreen","message":"tick","data":{"tick":39,"isLoading":false,"initialTotal":255,"layerVisibleBefore":false,"loadingScreenVisible":false},"timestamp":1775644196904}
{"sessionId":"915ab0","hypothesisId":"A","location":"GameRoot.cs:UpdateLoadingScreen","message":"tick","data":{"tick":40,"isLoading":false,"initialTotal":255,"layerVisibleBefore":false,"loadingScreenVisible":false},"timestamp":1775644196909}
{"sessionId":"915ab0","hypothesisId":"A","location":"GameRoot.cs:UpdateLoadingScreen","message":"tick","data":{"tick":41,"isLoading":false,"initialTotal":255,"layerVisibleBefore":false,"loadingScreenVisible":false},"timestamp":1775644196916}
{"sessionId":"915ab0","hypothesisId":"A","location":"GameRoot.cs:UpdateLoadingScreen","message":"tick","data":{"tick":42,"isLoading":false,"initialTotal":255,"layerVisibleBefore":false,"loadingScreenVisible":false},"timestamp":1775644196923}
{"sessionId":"915ab0","hypothesisId":"A","location":"GameRoot.cs:UpdateLoadingScreen","message":"tick","data":{"tick":43,"isLoading":false,"initialTotal":255,"layerVisibleBefore":false,"loadingScreenVisible":false},"timestamp":1775644196929}
{"sessionId":"915ab0","hypothesisId":"A","location":"GameRoot.cs:UpdateLoadingScreen","message":"tick","data":{"tick":44,"isLoading":false,"initialTotal":255,"layerVisibleBefore":false,"loadingScreenVisible":false},"timestamp":1775644196937}
{"sessionId":"915ab0","hypothesisId":"A","location":"GameRoot.cs:UpdateLoadingScreen","message":"tick","data":{"tick":45,"isLoading":false,"initialTotal":255,"layerVisibleBefore":false,"loadingScreenVisible":false},"timestamp":1775644196943}
{"sessionId":"915ab0","hypothesisId":"C","location":"PlanetVoxelWorld.Streaming:BeginInitialChunkLoad","message":"enter","data":{"isInitialChunkLoadActive":false,"chunkKeyCount":255},"timestamp":1775644198929}
{"sessionId":"915ab0","hypothesisId":"C","location":"PlanetVoxelWorld.Streaming:BeginInitialChunkLoad","message":"skipped inactive","data":{"isInitialChunkLoadActive":false},"timestamp":1775644198930}
{"sessionId":"915ab0","hypothesisId":"C","location":"PlanetVoxelWorld.Streaming:BeginInitialChunkLoad","message":"enter","data":{"isInitialChunkLoadActive":false,"chunkKeyCount":255},"timestamp":1775644199302}
{"sessionId":"915ab0","hypothesisId":"C","location":"PlanetVoxelWorld.Streaming:BeginInitialChunkLoad","message":"skipped inactive","data":{"isInitialChunkLoadActive":false},"timestamp":1775644199303}
{"sessionId":"915ab0","hypothesisId":"C","location":"PlanetVoxelWorld.Streaming:BeginInitialChunkLoad","message":"enter","data":{"isInitialChunkLoadActive":false,"chunkKeyCount":252},"timestamp":1775644199474}
{"sessionId":"915ab0","hypothesisId":"C","location":"PlanetVoxelWorld.Streaming:BeginInitialChunkLoad","message":"skipped inactive","data":{"isInitialChunkLoadActive":false},"timestamp":1775644199476}
{"sessionId":"915ab0","hypothesisId":"C","location":"PlanetVoxelWorld.Streaming:BeginInitialChunkLoad","message":"enter","data":{"isInitialChunkLoadActive":false,"chunkKeyCount":252},"timestamp":1775644199541}
{"sessionId":"915ab0","hypothesisId":"C","location":"PlanetVoxelWorld.Streaming:BeginInitialChunkLoad","message":"skipped inactive","data":{"isInitialChunkLoadActive":false},"timestamp":1775644199542}
{"sessionId":"915ab0","hypothesisId":"C","location":"PlanetVoxelWorld.Streaming:BeginInitialChunkLoad","message":"enter","data":{"isInitialChunkLoadActive":false,"chunkKeyCount":252},"timestamp":1775644199590}
{"sessionId":"915ab0","hypothesisId":"C","location":"PlanetVoxelWorld.Streaming:BeginInitialChunkLoad","message":"skipped inactive","data":{"isInitialChunkLoadActive":false},"timestamp":1775644199591}
{"sessionId":"915ab0","hypothesisId":"C","location":"PlanetVoxelWorld.Streaming:BeginInitialChunkLoad","message":"enter","data":{"isInitialChunkLoadActive":false,"chunkKeyCount":252},"timestamp":1775644199727}
{"sessionId":"915ab0","hypothesisId":"C","location":"PlanetVoxelWorld.Streaming:BeginInitialChunkLoad","message":"skipped inactive","data":{"isInitialChunkLoadActive":false},"timestamp":1775644199729}
{"sessionId":"915ab0","hypothesisId":"C","location":"PlanetVoxelWorld.Streaming:BeginInitialChunkLoad","message":"enter","data":{"isInitialChunkLoadActive":false,"chunkKeyCount":252},"timestamp":1775644199839}
{"sessionId":"915ab0","hypothesisId":"C","location":"PlanetVoxelWorld.Streaming:BeginInitialChunkLoad","message":"skipped inactive","data":{"isInitialChunkLoadActive":false},"timestamp":1775644199846}
{"sessionId":"915ab0","hypothesisId":"C","location":"PlanetVoxelWorld.Streaming:BeginInitialChunkLoad","message":"enter","data":{"isInitialChunkLoadActive":false,"chunkKeyCount":252},"timestamp":1775644199985}
{"sessionId":"915ab0","hypothesisId":"C","location":"PlanetVoxelWorld.Streaming:BeginInitialChunkLoad","message":"skipped inactive","data":{"isInitialChunkLoadActive":false},"timestamp":1775644199987}
{"sessionId":"915ab0","hypothesisId":"C","location":"PlanetVoxelWorld.Streaming:BeginInitialChunkLoad","message":"enter","data":{"isInitialChunkLoadActive":false,"chunkKeyCount":252},"timestamp":1775644200157}
{"sessionId":"915ab0","hypothesisId":"C","location":"PlanetVoxelWorld.Streaming:BeginInitialChunkLoad","message":"skipped inactive","data":{"isInitialChunkLoadActive":false},"timestamp":1775644200158}
{"sessionId":"915ab0","hypothesisId":"C","location":"PlanetVoxelWorld.Streaming:BeginInitialChunkLoad","message":"enter","data":{"isInitialChunkLoadActive":false,"chunkKeyCount":252},"timestamp":1775644200265}
{"sessionId":"915ab0","hypothesisId":"C","location":"PlanetVoxelWorld.Streaming:BeginInitialChunkLoad","message":"skipped inactive","data":{"isInitialChunkLoadActive":false},"timestamp":1775644200267}
{"sessionId":"915ab0","hypothesisId":"C","location":"PlanetVoxelWorld.Streaming:BeginInitialChunkLoad","message":"enter","data":{"isInitialChunkLoadActive":false,"chunkKeyCount":252},"timestamp":1775644200449}
{"sessionId":"915ab0","hypothesisId":"C","location":"PlanetVoxelWorld.Streaming:BeginInitialChunkLoad","message":"skipped inactive","data":{"isInitialChunkLoadActive":false},"timestamp":1775644200451}
{"sessionId":"915ab0","hypothesisId":"C","location":"PlanetVoxelWorld.Streaming:BeginInitialChunkLoad","message":"enter","data":{"isInitialChunkLoadActive":false,"chunkKeyCount":252},"timestamp":1775644200539}
{"sessionId":"915ab0","hypothesisId":"C","location":"PlanetVoxelWorld.Streaming:BeginInitialChunkLoad","message":"skipped inactive","data":{"isInitialChunkLoadActive":false},"timestamp":1775644200541}
{"sessionId":"915ab0","hypothesisId":"C","location":"PlanetVoxelWorld.Streaming:BeginInitialChunkLoad","message":"enter","data":{"isInitialChunkLoadActive":false,"chunkKeyCount":252},"timestamp":1775644200660}
{"sessionId":"915ab0","hypothesisId":"C","location":"PlanetVoxelWorld.Streaming:BeginInitialChunkLoad","message":"skipped inactive","data":{"isInitialChunkLoadActive":false},"timestamp":1775644200662}
{"sessionId":"915ab0","hypothesisId":"C","location":"PlanetVoxelWorld.Streaming:BeginInitialChunkLoad","message":"enter","data":{"isInitialChunkLoadActive":false,"chunkKeyCount":252},"timestamp":1775644200734}
{"sessionId":"915ab0","hypothesisId":"C","location":"PlanetVoxelWorld.Streaming:BeginInitialChunkLoad","message":"skipped inactive","data":{"isInitialChunkLoadActive":false},"timestamp":1775644200736}
{"sessionId":"915ab0","hypothesisId":"C","location":"PlanetVoxelWorld.Streaming:BeginInitialChunkLoad","message":"enter","data":{"isInitialChunkLoadActive":false,"chunkKeyCount":252},"timestamp":1775644200800}
{"sessionId":"915ab0","hypothesisId":"C","location":"PlanetVoxelWorld.Streaming:BeginInitialChunkLoad","message":"skipped inactive","data":{"isInitialChunkLoadActive":false},"timestamp":1775644200801}
{"sessionId":"915ab0","hypothesisId":"C","location":"PlanetVoxelWorld.Streaming:BeginInitialChunkLoad","message":"enter","data":{"isInitialChunkLoadActive":false,"chunkKeyCount":252},"timestamp":1775644200954}
{"sessionId":"915ab0","hypothesisId":"C","location":"PlanetVoxelWorld.Streaming:BeginInitialChunkLoad","message":"skipped inactive","data":{"isInitialChunkLoadActive":false},"timestamp":1775644200955}
{"sessionId":"915ab0","hypothesisId":"C","location":"PlanetVoxelWorld.Streaming:BeginInitialChunkLoad","message":"enter","data":{"isInitialChunkLoadActive":false,"chunkKeyCount":252},"timestamp":1775644201017}
{"sessionId":"915ab0","hypothesisId":"C","location":"PlanetVoxelWorld.Streaming:BeginInitialChunkLoad","message":"skipped inactive","data":{"isInitialChunkLoadActive":false},"timestamp":1775644201019}
{"sessionId":"915ab0","hypothesisId":"C","location":"PlanetVoxelWorld.Streaming:BeginInitialChunkLoad","message":"enter","data":{"isInitialChunkLoadActive":false,"chunkKeyCount":252},"timestamp":1775644201142}
{"sessionId":"915ab0","hypothesisId":"C","location":"PlanetVoxelWorld.Streaming:BeginInitialChunkLoad","message":"skipped inactive","data":{"isInitialChunkLoadActive":false},"timestamp":1775644201144}
{"sessionId":"915ab0","hypothesisId":"C","location":"PlanetVoxelWorld.Streaming:BeginInitialChunkLoad","message":"enter","data":{"isInitialChunkLoadActive":false,"chunkKeyCount":249},"timestamp":1775644201223}
{"sessionId":"915ab0","hypothesisId":"C","location":"PlanetVoxelWorld.Streaming:BeginInitialChunkLoad","message":"skipped inactive","data":{"isInitialChunkLoadActive":false},"timestamp":1775644201226}
{"sessionId":"915ab0","hypothesisId":"C","location":"PlanetVoxelWorld.Streaming:BeginInitialChunkLoad","message":"enter","data":{"isInitialChunkLoadActive":false,"chunkKeyCount":249},"timestamp":1775644201340}
{"sessionId":"915ab0","hypothesisId":"C","location":"PlanetVoxelWorld.Streaming:BeginInitialChunkLoad","message":"skipped inactive","data":{"isInitialChunkLoadActive":false},"timestamp":1775644201341}
{"sessionId":"915ab0","hypothesisId":"D","location":"GameRoot.cs:BuildLoadingScreen","message":"loading layer created","data":{"layer":{"IsEmpty":false},"visible":false,"layerValue":1},"timestamp":1775644246304}
{"sessionId":"915ab0","hypothesisId":"D","location":"GameRoot.cs:SetLoadingScreenVisible","message":"visibility change","data":{"visible":true,"layerWasVisible":false},"timestamp":1775644246309}
{"sessionId":"915ab0","hypothesisId":"B","location":"GameRoot.cs:InitializeSession","message":"after SetLoadingScreenVisible(true), scheduling Finish","data":{"loadingLayerVisible":true,"loadingScreenVisible":true},"timestamp":1775644246314}
{"sessionId":"915ab0","hypothesisId":"B","location":"GameRoot.cs:FinishInitializeSession","message":"enter","data":{"beforeLoad":true,"isInitialChunkLoadInProgress":false,"initialTotal":0,"loadingLayerVisible":true},"timestamp":1775644246315}
{"sessionId":"915ab0","hypothesisId":"C","location":"PlanetVoxelWorld.Streaming:BeginInitialChunkLoad","message":"enter","data":{"isInitialChunkLoadActive":true,"chunkKeyCount":1785},"timestamp":1775644246467}
{"sessionId":"915ab0","hypothesisId":"C","location":"PlanetVoxelWorld.Streaming:BeginInitialChunkLoad","message":"exit","data":{"initialLoadTargetChunkCount":1785,"pendingCount":1785,"isInitialChunkLoadActive":true},"timestamp":1775644246468}
{"sessionId":"915ab0","hypothesisId":"A","location":"GameRoot.cs:FinishInitializeSession","message":"before UpdateLoadingScreen after load","data":{"isInitialChunkLoadInProgress":false,"initialTotal":1785,"loadingLayerVisible":true},"timestamp":1775644333237}
{"sessionId":"915ab0","hypothesisId":"A","location":"GameRoot.cs:UpdateLoadingScreen","message":"tick","data":{"tick":1,"isLoading":false,"initialTotal":1785,"layerVisibleBefore":true,"loadingScreenVisible":true},"timestamp":1775644333238}
{"sessionId":"915ab0","hypothesisId":"D","location":"GameRoot.cs:SetLoadingScreenVisible","message":"visibility change","data":{"visible":false,"layerWasVisible":true},"timestamp":1775644333238}
{"sessionId":"915ab0","hypothesisId":"A","location":"GameRoot.cs:FinishInitializeSession","message":"after UpdateLoadingScreen","data":{"isInitialChunkLoadInProgress":false,"loadingLayerVisible":false,"loadingScreenVisible":false},"timestamp":1775644333239}
{"sessionId":"915ab0","hypothesisId":"A","location":"GameRoot.cs:UpdateLoadingScreen","message":"tick","data":{"tick":2,"isLoading":false,"initialTotal":1785,"layerVisibleBefore":false,"loadingScreenVisible":false},"timestamp":1775644333339}
{"sessionId":"915ab0","hypothesisId":"C","location":"PlanetVoxelWorld.Streaming:BeginInitialChunkLoad","message":"enter","data":{"isInitialChunkLoadActive":false,"chunkKeyCount":1785},"timestamp":1775644333361}
{"sessionId":"915ab0","hypothesisId":"C","location":"PlanetVoxelWorld.Streaming:BeginInitialChunkLoad","message":"skipped inactive","data":{"isInitialChunkLoadActive":false},"timestamp":1775644333362}
{"sessionId":"915ab0","hypothesisId":"A","location":"GameRoot.cs:UpdateLoadingScreen","message":"tick","data":{"tick":3,"isLoading":false,"initialTotal":1785,"layerVisibleBefore":false,"loadingScreenVisible":false},"timestamp":1775644333478}
{"sessionId":"915ab0","hypothesisId":"A","location":"GameRoot.cs:UpdateLoadingScreen","message":"tick","data":{"tick":4,"isLoading":false,"initialTotal":1785,"layerVisibleBefore":false,"loadingScreenVisible":false},"timestamp":1775644333488}
{"sessionId":"915ab0","hypothesisId":"A","location":"GameRoot.cs:UpdateLoadingScreen","message":"tick","data":{"tick":5,"isLoading":false,"initialTotal":1785,"layerVisibleBefore":false,"loadingScreenVisible":false},"timestamp":1775644333495}
{"sessionId":"915ab0","hypothesisId":"A","location":"GameRoot.cs:UpdateLoadingScreen","message":"tick","data":{"tick":6,"isLoading":false,"initialTotal":1785,"layerVisibleBefore":false,"loadingScreenVisible":false},"timestamp":1775644333510}
{"sessionId":"915ab0","hypothesisId":"A","location":"GameRoot.cs:UpdateLoadingScreen","message":"tick","data":{"tick":7,"isLoading":false,"initialTotal":1785,"layerVisibleBefore":false,"loadingScreenVisible":false},"timestamp":1775644333522}
{"sessionId":"915ab0","hypothesisId":"A","location":"GameRoot.cs:UpdateLoadingScreen","message":"tick","data":{"tick":8,"isLoading":false,"initialTotal":1785,"layerVisibleBefore":false,"loadingScreenVisible":false},"timestamp":1775644333529}
{"sessionId":"915ab0","hypothesisId":"A","location":"GameRoot.cs:UpdateLoadingScreen","message":"tick","data":{"tick":9,"isLoading":false,"initialTotal":1785,"layerVisibleBefore":false,"loadingScreenVisible":false},"timestamp":1775644333537}
{"sessionId":"915ab0","hypothesisId":"A","location":"GameRoot.cs:UpdateLoadingScreen","message":"tick","data":{"tick":10,"isLoading":false,"initialTotal":1785,"layerVisibleBefore":false,"loadingScreenVisible":false},"timestamp":1775644333545}
{"sessionId":"915ab0","hypothesisId":"A","location":"GameRoot.cs:UpdateLoadingScreen","message":"tick","data":{"tick":11,"isLoading":false,"initialTotal":1785,"layerVisibleBefore":false,"loadingScreenVisible":false},"timestamp":1775644333555}
{"sessionId":"915ab0","hypothesisId":"A","location":"GameRoot.cs:UpdateLoadingScreen","message":"tick","data":{"tick":12,"isLoading":false,"initialTotal":1785,"layerVisibleBefore":false,"loadingScreenVisible":false},"timestamp":1775644333570}
{"sessionId":"915ab0","hypothesisId":"A","location":"GameRoot.cs:UpdateLoadingScreen","message":"tick","data":{"tick":13,"isLoading":false,"initialTotal":1785,"layerVisibleBefore":false,"loadingScreenVisible":false},"timestamp":1775644333586}
{"sessionId":"915ab0","hypothesisId":"A","location":"GameRoot.cs:UpdateLoadingScreen","message":"tick","data":{"tick":14,"isLoading":false,"initialTotal":1785,"layerVisibleBefore":false,"loadingScreenVisible":false},"timestamp":1775644333598}
{"sessionId":"915ab0","hypothesisId":"A","location":"GameRoot.cs:UpdateLoadingScreen","message":"tick","data":{"tick":15,"isLoading":false,"initialTotal":1785,"layerVisibleBefore":false,"loadingScreenVisible":false},"timestamp":1775644333616}
{"sessionId":"915ab0","hypothesisId":"A","location":"GameRoot.cs:UpdateLoadingScreen","message":"tick","data":{"tick":16,"isLoading":false,"initialTotal":1785,"layerVisibleBefore":false,"loadingScreenVisible":false},"timestamp":1775644333633}
{"sessionId":"915ab0","hypothesisId":"A","location":"GameRoot.cs:UpdateLoadingScreen","message":"tick","data":{"tick":17,"isLoading":false,"initialTotal":1785,"layerVisibleBefore":false,"loadingScreenVisible":false},"timestamp":1775644333658}
{"sessionId":"915ab0","hypothesisId":"A","location":"GameRoot.cs:UpdateLoadingScreen","message":"tick","data":{"tick":18,"isLoading":false,"initialTotal":1785,"layerVisibleBefore":false,"loadingScreenVisible":false},"timestamp":1775644333680}
{"sessionId":"915ab0","hypothesisId":"A","location":"GameRoot.cs:UpdateLoadingScreen","message":"tick","data":{"tick":19,"isLoading":false,"initialTotal":1785,"layerVisibleBefore":false,"loadingScreenVisible":false},"timestamp":1775644333696}
{"sessionId":"915ab0","hypothesisId":"C","location":"PlanetVoxelWorld.Streaming:BeginInitialChunkLoad","message":"enter","data":{"isInitialChunkLoadActive":false,"chunkKeyCount":1785},"timestamp":1775644333762}
{"sessionId":"915ab0","hypothesisId":"C","location":"PlanetVoxelWorld.Streaming:BeginInitialChunkLoad","message":"skipped inactive","data":{"isInitialChunkLoadActive":false},"timestamp":1775644333764}
{"sessionId":"915ab0","hypothesisId":"A","location":"GameRoot.cs:UpdateLoadingScreen","message":"tick","data":{"tick":20,"isLoading":false,"initialTotal":1785,"layerVisibleBefore":false,"loadingScreenVisible":false},"timestamp":1775644333789}
{"sessionId":"915ab0","hypothesisId":"A","location":"GameRoot.cs:UpdateLoadingScreen","message":"tick","data":{"tick":21,"isLoading":false,"initialTotal":1785,"layerVisibleBefore":false,"loadingScreenVisible":false},"timestamp":1775644333816}
{"sessionId":"915ab0","hypothesisId":"A","location":"GameRoot.cs:UpdateLoadingScreen","message":"tick","data":{"tick":22,"isLoading":false,"initialTotal":1785,"layerVisibleBefore":false,"loadingScreenVisible":false},"timestamp":1775644333836}
{"sessionId":"915ab0","hypothesisId":"A","location":"GameRoot.cs:UpdateLoadingScreen","message":"tick","data":{"tick":23,"isLoading":false,"initialTotal":1785,"layerVisibleBefore":false,"loadingScreenVisible":false},"timestamp":1775644333860}
{"sessionId":"915ab0","hypothesisId":"A","location":"GameRoot.cs:UpdateLoadingScreen","message":"tick","data":{"tick":24,"isLoading":false,"initialTotal":1785,"layerVisibleBefore":false,"loadingScreenVisible":false},"timestamp":1775644333878}
{"sessionId":"915ab0","hypothesisId":"A","location":"GameRoot.cs:UpdateLoadingScreen","message":"tick","data":{"tick":25,"isLoading":false,"initialTotal":1785,"layerVisibleBefore":false,"loadingScreenVisible":false},"timestamp":1775644333901}
{"sessionId":"915ab0","hypothesisId":"A","location":"GameRoot.cs:UpdateLoadingScreen","message":"tick","data":{"tick":26,"isLoading":false,"initialTotal":1785,"layerVisibleBefore":false,"loadingScreenVisible":false},"timestamp":1775644333918}
{"sessionId":"915ab0","hypothesisId":"A","location":"GameRoot.cs:UpdateLoadingScreen","message":"tick","data":{"tick":27,"isLoading":false,"initialTotal":1785,"layerVisibleBefore":false,"loadingScreenVisible":false},"timestamp":1775644333932}
{"sessionId":"915ab0","hypothesisId":"A","location":"GameRoot.cs:UpdateLoadingScreen","message":"tick","data":{"tick":28,"isLoading":false,"initialTotal":1785,"layerVisibleBefore":false,"loadingScreenVisible":false},"timestamp":1775644333955}
{"sessionId":"915ab0","hypothesisId":"A","location":"GameRoot.cs:UpdateLoadingScreen","message":"tick","data":{"tick":29,"isLoading":false,"initialTotal":1785,"layerVisibleBefore":false,"loadingScreenVisible":false},"timestamp":1775644333970}
{"sessionId":"915ab0","hypothesisId":"A","location":"GameRoot.cs:UpdateLoadingScreen","message":"tick","data":{"tick":30,"isLoading":false,"initialTotal":1785,"layerVisibleBefore":false,"loadingScreenVisible":false},"timestamp":1775644333987}
{"sessionId":"915ab0","hypothesisId":"A","location":"GameRoot.cs:UpdateLoadingScreen","message":"tick","data":{"tick":31,"isLoading":false,"initialTotal":1785,"layerVisibleBefore":false,"loadingScreenVisible":false},"timestamp":1775644334016}
{"sessionId":"915ab0","hypothesisId":"A","location":"GameRoot.cs:UpdateLoadingScreen","message":"tick","data":{"tick":32,"isLoading":false,"initialTotal":1785,"layerVisibleBefore":false,"loadingScreenVisible":false},"timestamp":1775644334043}
{"sessionId":"915ab0","hypothesisId":"A","location":"GameRoot.cs:UpdateLoadingScreen","message":"tick","data":{"tick":33,"isLoading":false,"initialTotal":1785,"layerVisibleBefore":false,"loadingScreenVisible":false},"timestamp":1775644334064}
{"sessionId":"915ab0","hypothesisId":"A","location":"GameRoot.cs:UpdateLoadingScreen","message":"tick","data":{"tick":34,"isLoading":false,"initialTotal":1785,"layerVisibleBefore":false,"loadingScreenVisible":false},"timestamp":1775644334083}
{"sessionId":"915ab0","hypothesisId":"A","location":"GameRoot.cs:UpdateLoadingScreen","message":"tick","data":{"tick":35,"isLoading":false,"initialTotal":1785,"layerVisibleBefore":false,"loadingScreenVisible":false},"timestamp":1775644334101}
{"sessionId":"915ab0","hypothesisId":"A","location":"GameRoot.cs:UpdateLoadingScreen","message":"tick","data":{"tick":36,"isLoading":false,"initialTotal":1785,"layerVisibleBefore":false,"loadingScreenVisible":false},"timestamp":1775644334114}
{"sessionId":"915ab0","hypothesisId":"A","location":"GameRoot.cs:UpdateLoadingScreen","message":"tick","data":{"tick":37,"isLoading":false,"initialTotal":1785,"layerVisibleBefore":false,"loadingScreenVisible":false},"timestamp":1775644334143}
{"sessionId":"915ab0","hypothesisId":"A","location":"GameRoot.cs:UpdateLoadingScreen","message":"tick","data":{"tick":38,"isLoading":false,"initialTotal":1785,"layerVisibleBefore":false,"loadingScreenVisible":false},"timestamp":1775644334161}
{"sessionId":"915ab0","hypothesisId":"A","location":"GameRoot.cs:UpdateLoadingScreen","message":"tick","data":{"tick":39,"isLoading":false,"initialTotal":1785,"layerVisibleBefore":false,"loadingScreenVisible":false},"timestamp":1775644334180}
{"sessionId":"915ab0","hypothesisId":"A","location":"GameRoot.cs:UpdateLoadingScreen","message":"tick","data":{"tick":40,"isLoading":false,"initialTotal":1785,"layerVisibleBefore":false,"loadingScreenVisible":false},"timestamp":1775644334199}
{"sessionId":"915ab0","hypothesisId":"A","location":"GameRoot.cs:UpdateLoadingScreen","message":"tick","data":{"tick":41,"isLoading":false,"initialTotal":1785,"layerVisibleBefore":false,"loadingScreenVisible":false},"timestamp":1775644334214}
{"sessionId":"915ab0","hypothesisId":"A","location":"GameRoot.cs:UpdateLoadingScreen","message":"tick","data":{"tick":42,"isLoading":false,"initialTotal":1785,"layerVisibleBefore":false,"loadingScreenVisible":false},"timestamp":1775644334241}
{"sessionId":"915ab0","hypothesisId":"A","location":"GameRoot.cs:UpdateLoadingScreen","message":"tick","data":{"tick":43,"isLoading":false,"initialTotal":1785,"layerVisibleBefore":false,"loadingScreenVisible":false},"timestamp":1775644334258}
{"sessionId":"915ab0","hypothesisId":"A","location":"GameRoot.cs:UpdateLoadingScreen","message":"tick","data":{"tick":44,"isLoading":false,"initialTotal":1785,"layerVisibleBefore":false,"loadingScreenVisible":false},"timestamp":1775644334304}
{"sessionId":"915ab0","hypothesisId":"A","location":"GameRoot.cs:UpdateLoadingScreen","message":"tick","data":{"tick":45,"isLoading":false,"initialTotal":1785,"layerVisibleBefore":false,"loadingScreenVisible":false},"timestamp":1775644334329}
{"sessionId":"915ab0","hypothesisId":"D","location":"GameRoot.cs:BuildLoadingScreen","message":"loading layer created","data":{"layer":{"IsEmpty":false},"visible":false,"layerValue":1},"timestamp":1775647028395}
{"sessionId":"915ab0","hypothesisId":"D","location":"GameRoot.cs:SetLoadingScreenVisible","message":"visibility change","data":{"visible":true,"layerWasVisible":false},"timestamp":1775647028469}
{"sessionId":"915ab0","hypothesisId":"B","location":"GameRoot.cs:InitializeSession","message":"after SetLoadingScreenVisible(true), scheduling Finish","data":{"loadingLayerVisible":true,"loadingScreenVisible":true},"timestamp":1775647028476}
{"sessionId":"915ab0","hypothesisId":"B","location":"GameRoot.cs:FinishInitializeSession","message":"enter","data":{"beforeLoad":true,"isInitialChunkLoadInProgress":false,"initialTotal":0,"loadingLayerVisible":true},"timestamp":1775647028479}
{"sessionId":"915ab0","hypothesisId":"C","location":"PlanetVoxelWorld.Streaming:BeginInitialChunkLoad","message":"enter","data":{"isInitialChunkLoadActive":true,"chunkKeyCount":255},"timestamp":1775647028639}
{"sessionId":"915ab0","hypothesisId":"C","location":"PlanetVoxelWorld.Streaming:BeginInitialChunkLoad","message":"exit","data":{"initialLoadTargetChunkCount":255,"pendingCount":255,"isInitialChunkLoadActive":true},"timestamp":1775647028642}
{"sessionId":"915ab0","hypothesisId":"A","location":"GameRoot.cs:FinishInitializeSession","message":"before UpdateLoadingScreen after load","data":{"isInitialChunkLoadInProgress":false,"initialTotal":255,"loadingLayerVisible":true},"timestamp":1775647035073}
{"sessionId":"915ab0","hypothesisId":"A","location":"GameRoot.cs:UpdateLoadingScreen","message":"tick","data":{"tick":1,"isLoading":false,"initialTotal":255,"layerVisibleBefore":true,"loadingScreenVisible":true},"timestamp":1775647035077}
{"sessionId":"915ab0","hypothesisId":"D","location":"GameRoot.cs:SetLoadingScreenVisible","message":"visibility change","data":{"visible":false,"layerWasVisible":true},"timestamp":1775647035079}
{"sessionId":"915ab0","hypothesisId":"A","location":"GameRoot.cs:FinishInitializeSession","message":"after UpdateLoadingScreen","data":{"isInitialChunkLoadInProgress":false,"loadingLayerVisible":false,"loadingScreenVisible":false},"timestamp":1775647035081}
{"sessionId":"915ab0","hypothesisId":"A","location":"GameRoot.cs:UpdateLoadingScreen","message":"tick","data":{"tick":2,"isLoading":false,"initialTotal":255,"layerVisibleBefore":false,"loadingScreenVisible":false},"timestamp":1775647035194}
{"sessionId":"915ab0","hypothesisId":"A","location":"GameRoot.cs:UpdateLoadingScreen","message":"tick","data":{"tick":3,"isLoading":false,"initialTotal":255,"layerVisibleBefore":false,"loadingScreenVisible":false},"timestamp":1775647035335}
{"sessionId":"915ab0","hypothesisId":"A","location":"GameRoot.cs:UpdateLoadingScreen","message":"tick","data":{"tick":4,"isLoading":false,"initialTotal":255,"layerVisibleBefore":false,"loadingScreenVisible":false},"timestamp":1775647035352}
{"sessionId":"915ab0","hypothesisId":"A","location":"GameRoot.cs:UpdateLoadingScreen","message":"tick","data":{"tick":5,"isLoading":false,"initialTotal":255,"layerVisibleBefore":false,"loadingScreenVisible":false},"timestamp":1775647035358}
{"sessionId":"915ab0","hypothesisId":"A","location":"GameRoot.cs:UpdateLoadingScreen","message":"tick","data":{"tick":6,"isLoading":false,"initialTotal":255,"layerVisibleBefore":false,"loadingScreenVisible":false},"timestamp":1775647035367}
{"sessionId":"915ab0","hypothesisId":"A","location":"GameRoot.cs:UpdateLoadingScreen","message":"tick","data":{"tick":7,"isLoading":false,"initialTotal":255,"layerVisibleBefore":false,"loadingScreenVisible":false},"timestamp":1775647035372}
{"sessionId":"915ab0","hypothesisId":"A","location":"GameRoot.cs:UpdateLoadingScreen","message":"tick","data":{"tick":8,"isLoading":false,"initialTotal":255,"layerVisibleBefore":false,"loadingScreenVisible":false},"timestamp":1775647035379}
{"sessionId":"915ab0","hypothesisId":"A","location":"GameRoot.cs:UpdateLoadingScreen","message":"tick","data":{"tick":9,"isLoading":false,"initialTotal":255,"layerVisibleBefore":false,"loadingScreenVisible":false},"timestamp":1775647035384}
{"sessionId":"915ab0","hypothesisId":"A","location":"GameRoot.cs:UpdateLoadingScreen","message":"tick","data":{"tick":10,"isLoading":false,"initialTotal":255,"layerVisibleBefore":false,"loadingScreenVisible":false},"timestamp":1775647035390}
{"sessionId":"915ab0","hypothesisId":"A","location":"GameRoot.cs:UpdateLoadingScreen","message":"tick","data":{"tick":11,"isLoading":false,"initialTotal":255,"layerVisibleBefore":false,"loadingScreenVisible":false},"timestamp":1775647035395}
{"sessionId":"915ab0","hypothesisId":"A","location":"GameRoot.cs:UpdateLoadingScreen","message":"tick","data":{"tick":12,"isLoading":false,"initialTotal":255,"layerVisibleBefore":false,"loadingScreenVisible":false},"timestamp":1775647035400}
{"sessionId":"915ab0","hypothesisId":"A","location":"GameRoot.cs:UpdateLoadingScreen","message":"tick","data":{"tick":13,"isLoading":false,"initialTotal":255,"layerVisibleBefore":false,"loadingScreenVisible":false},"timestamp":1775647035405}
{"sessionId":"915ab0","hypothesisId":"A","location":"GameRoot.cs:UpdateLoadingScreen","message":"tick","data":{"tick":14,"isLoading":false,"initialTotal":255,"layerVisibleBefore":false,"loadingScreenVisible":false},"timestamp":1775647035410}
{"sessionId":"915ab0","hypothesisId":"A","location":"GameRoot.cs:UpdateLoadingScreen","message":"tick","data":{"tick":15,"isLoading":false,"initialTotal":255,"layerVisibleBefore":false,"loadingScreenVisible":false},"timestamp":1775647035419}
{"sessionId":"915ab0","hypothesisId":"A","location":"GameRoot.cs:UpdateLoadingScreen","message":"tick","data":{"tick":16,"isLoading":false,"initialTotal":255,"layerVisibleBefore":false,"loadingScreenVisible":false},"timestamp":1775647035424}
{"sessionId":"915ab0","hypothesisId":"A","location":"GameRoot.cs:UpdateLoadingScreen","message":"tick","data":{"tick":17,"isLoading":false,"initialTotal":255,"layerVisibleBefore":false,"loadingScreenVisible":false},"timestamp":1775647035431}
{"sessionId":"915ab0","hypothesisId":"A","location":"GameRoot.cs:UpdateLoadingScreen","message":"tick","data":{"tick":18,"isLoading":false,"initialTotal":255,"layerVisibleBefore":false,"loadingScreenVisible":false},"timestamp":1775647035438}
{"sessionId":"915ab0","hypothesisId":"A","location":"GameRoot.cs:UpdateLoadingScreen","message":"tick","data":{"tick":19,"isLoading":false,"initialTotal":255,"layerVisibleBefore":false,"loadingScreenVisible":false},"timestamp":1775647035446}
{"sessionId":"915ab0","hypothesisId":"A","location":"GameRoot.cs:UpdateLoadingScreen","message":"tick","data":{"tick":20,"isLoading":false,"initialTotal":255,"layerVisibleBefore":false,"loadingScreenVisible":false},"timestamp":1775647035452}
{"sessionId":"915ab0","hypothesisId":"A","location":"GameRoot.cs:UpdateLoadingScreen","message":"tick","data":{"tick":21,"isLoading":false,"initialTotal":255,"layerVisibleBefore":false,"loadingScreenVisible":false},"timestamp":1775647035459}
{"sessionId":"915ab0","hypothesisId":"A","location":"GameRoot.cs:UpdateLoadingScreen","message":"tick","data":{"tick":22,"isLoading":false,"initialTotal":255,"layerVisibleBefore":false,"loadingScreenVisible":false},"timestamp":1775647035466}
{"sessionId":"915ab0","hypothesisId":"A","location":"GameRoot.cs:UpdateLoadingScreen","message":"tick","data":{"tick":23,"isLoading":false,"initialTotal":255,"layerVisibleBefore":false,"loadingScreenVisible":false},"timestamp":1775647035474}
{"sessionId":"915ab0","hypothesisId":"A","location":"GameRoot.cs:UpdateLoadingScreen","message":"tick","data":{"tick":24,"isLoading":false,"initialTotal":255,"layerVisibleBefore":false,"loadingScreenVisible":false},"timestamp":1775647035480}
{"sessionId":"915ab0","hypothesisId":"A","location":"GameRoot.cs:UpdateLoadingScreen","message":"tick","data":{"tick":25,"isLoading":false,"initialTotal":255,"layerVisibleBefore":false,"loadingScreenVisible":false},"timestamp":1775647035486}
{"sessionId":"915ab0","hypothesisId":"A","location":"GameRoot.cs:UpdateLoadingScreen","message":"tick","data":{"tick":26,"isLoading":false,"initialTotal":255,"layerVisibleBefore":false,"loadingScreenVisible":false},"timestamp":1775647035493}
{"sessionId":"915ab0","hypothesisId":"A","location":"GameRoot.cs:UpdateLoadingScreen","message":"tick","data":{"tick":27,"isLoading":false,"initialTotal":255,"layerVisibleBefore":false,"loadingScreenVisible":false},"timestamp":1775647035501}
{"sessionId":"915ab0","hypothesisId":"A","location":"GameRoot.cs:UpdateLoadingScreen","message":"tick","data":{"tick":28,"isLoading":false,"initialTotal":255,"layerVisibleBefore":false,"loadingScreenVisible":false},"timestamp":1775647035509}
{"sessionId":"915ab0","hypothesisId":"A","location":"GameRoot.cs:UpdateLoadingScreen","message":"tick","data":{"tick":29,"isLoading":false,"initialTotal":255,"layerVisibleBefore":false,"loadingScreenVisible":false},"timestamp":1775647035515}
{"sessionId":"915ab0","hypothesisId":"A","location":"GameRoot.cs:UpdateLoadingScreen","message":"tick","data":{"tick":30,"isLoading":false,"initialTotal":255,"layerVisibleBefore":false,"loadingScreenVisible":false},"timestamp":1775647035521}
{"sessionId":"915ab0","hypothesisId":"A","location":"GameRoot.cs:UpdateLoadingScreen","message":"tick","data":{"tick":31,"isLoading":false,"initialTotal":255,"layerVisibleBefore":false,"loadingScreenVisible":false},"timestamp":1775647035529}
{"sessionId":"915ab0","hypothesisId":"A","location":"GameRoot.cs:UpdateLoadingScreen","message":"tick","data":{"tick":32,"isLoading":false,"initialTotal":255,"layerVisibleBefore":false,"loadingScreenVisible":false},"timestamp":1775647035536}
{"sessionId":"915ab0","hypothesisId":"A","location":"GameRoot.cs:UpdateLoadingScreen","message":"tick","data":{"tick":33,"isLoading":false,"initialTotal":255,"layerVisibleBefore":false,"loadingScreenVisible":false},"timestamp":1775647035542}
{"sessionId":"915ab0","hypothesisId":"A","location":"GameRoot.cs:UpdateLoadingScreen","message":"tick","data":{"tick":34,"isLoading":false,"initialTotal":255,"layerVisibleBefore":false,"loadingScreenVisible":false},"timestamp":1775647035550}
{"sessionId":"915ab0","hypothesisId":"A","location":"GameRoot.cs:UpdateLoadingScreen","message":"tick","data":{"tick":35,"isLoading":false,"initialTotal":255,"layerVisibleBefore":false,"loadingScreenVisible":false},"timestamp":1775647035557}
{"sessionId":"915ab0","hypothesisId":"A","location":"GameRoot.cs:UpdateLoadingScreen","message":"tick","data":{"tick":36,"isLoading":false,"initialTotal":255,"layerVisibleBefore":false,"loadingScreenVisible":false},"timestamp":1775647035564}
{"sessionId":"915ab0","hypothesisId":"A","location":"GameRoot.cs:UpdateLoadingScreen","message":"tick","data":{"tick":37,"isLoading":false,"initialTotal":255,"layerVisibleBefore":false,"loadingScreenVisible":false},"timestamp":1775647035572}
{"sessionId":"915ab0","hypothesisId":"A","location":"GameRoot.cs:UpdateLoadingScreen","message":"tick","data":{"tick":38,"isLoading":false,"initialTotal":255,"layerVisibleBefore":false,"loadingScreenVisible":false},"timestamp":1775647035577}
{"sessionId":"915ab0","hypothesisId":"A","location":"GameRoot.cs:UpdateLoadingScreen","message":"tick","data":{"tick":39,"isLoading":false,"initialTotal":255,"layerVisibleBefore":false,"loadingScreenVisible":false},"timestamp":1775647035585}
{"sessionId":"915ab0","hypothesisId":"A","location":"GameRoot.cs:UpdateLoadingScreen","message":"tick","data":{"tick":40,"isLoading":false,"initialTotal":255,"layerVisibleBefore":false,"loadingScreenVisible":false},"timestamp":1775647035591}
{"sessionId":"915ab0","hypothesisId":"A","location":"GameRoot.cs:UpdateLoadingScreen","message":"tick","data":{"tick":41,"isLoading":false,"initialTotal":255,"layerVisibleBefore":false,"loadingScreenVisible":false},"timestamp":1775647035601}
{"sessionId":"915ab0","hypothesisId":"A","location":"GameRoot.cs:UpdateLoadingScreen","message":"tick","data":{"tick":42,"isLoading":false,"initialTotal":255,"layerVisibleBefore":false,"loadingScreenVisible":false},"timestamp":1775647035605}
{"sessionId":"915ab0","hypothesisId":"A","location":"GameRoot.cs:UpdateLoadingScreen","message":"tick","data":{"tick":43,"isLoading":false,"initialTotal":255,"layerVisibleBefore":false,"loadingScreenVisible":false},"timestamp":1775647035613}
{"sessionId":"915ab0","hypothesisId":"A","location":"GameRoot.cs:UpdateLoadingScreen","message":"tick","data":{"tick":44,"isLoading":false,"initialTotal":255,"layerVisibleBefore":false,"loadingScreenVisible":false},"timestamp":1775647035618}
{"sessionId":"915ab0","hypothesisId":"A","location":"GameRoot.cs:UpdateLoadingScreen","message":"tick","data":{"tick":45,"isLoading":false,"initialTotal":255,"layerVisibleBefore":false,"loadingScreenVisible":false},"timestamp":1775647035628}
{"sessionId":"915ab0","hypothesisId":"C","location":"PlanetVoxelWorld.Streaming:BeginInitialChunkLoad","message":"enter","data":{"isInitialChunkLoadActive":false,"chunkKeyCount":255},"timestamp":1775647036401}
{"sessionId":"915ab0","hypothesisId":"C","location":"PlanetVoxelWorld.Streaming:BeginInitialChunkLoad","message":"skipped inactive","data":{"isInitialChunkLoadActive":false},"timestamp":1775647036402}
{"sessionId":"915ab0","hypothesisId":"C","location":"PlanetVoxelWorld.Streaming:BeginInitialChunkLoad","message":"enter","data":{"isInitialChunkLoadActive":false,"chunkKeyCount":255},"timestamp":1775647037377}
{"sessionId":"915ab0","hypothesisId":"C","location":"PlanetVoxelWorld.Streaming:BeginInitialChunkLoad","message":"skipped inactive","data":{"isInitialChunkLoadActive":false},"timestamp":1775647037379}
{"sessionId":"915ab0","hypothesisId":"C","location":"PlanetVoxelWorld.Streaming:BeginInitialChunkLoad","message":"enter","data":{"isInitialChunkLoadActive":false,"chunkKeyCount":252},"timestamp":1775647037851}
{"sessionId":"915ab0","hypothesisId":"C","location":"PlanetVoxelWorld.Streaming:BeginInitialChunkLoad","message":"skipped inactive","data":{"isInitialChunkLoadActive":false},"timestamp":1775647037856}
